node.exe : [WARN] The "pnpm" field in package.json is no longer read by pnpm. The following keys were ignored: 
"pnpm.onlyBuiltDependencies". See https://pnpm.io/settings for the new home of each setting.
Au caractère C:\Users\PC\AppData\Roaming\npm\pnpm.ps1:24 : 5
+     & "node$exe"  "$basedir/node_modules/pnpm/bin/pnpm.mjs" $args
+     ~~~~~~~~~~~~~~~~~~~~~~~~~~~~~~~~~~~~~~~~~~~~~~~~~~~~~~~~~~~~~
    + CategoryInfo          : NotSpecified: ([WARN] The "pnp...f each setting.:String) [], RemoteException
    + FullyQualifiedErrorId : NativeCommandError
 

> saas-zero@1.0.0 build C:\Users\PC\saas-zero
> pnpm content:build && next build && pnpm pagefind


> saas-zero@1.0.0 content:build C:\Users\PC\saas-zero
> content-collections build

[CC DEPRECATED]: The configuration property "collections" is deprecated.
Please use "content" instead.
For more information, see:
https://content-collections.dev/docs/deprecations/config-collections-property
build started ...
[CC DEPRECATED]: The implicit addition of a content property to schemas is deprecated.
Please add an explicit content property to your schema.
For more information, see:
https://content-collections.dev/docs/deprecations/implicit-content-property
[CC DEPRECATED]: The implicit addition of a content property to schemas is deprecated.
Please add an explicit content property to your schema.
For more information, see:
https://content-collections.dev/docs/deprecations/implicit-content-property
... finished build of 3 collections and 4 documents in 92ms
▲ Next.js 16.3.0 (Turbopack)
- Environments: .env.local
⚠ Warning: Next.js ignored package-lock.json in C:\Users\PC because it is outside the current Git repository 
(C:\Users\PC\saas-zero).
 To use this directory, set `turbopack.root` in your Next.js config.

✓ Running next.config.js took 195ms
- Experiments (use with caution):
  · serverActions

⚠ The "middleware" file convention is deprecated. Please use "proxy" instead.

  To migrate automatically, run:
  npx @next/codemod@canary middleware-to-proxy .

  Learn more: https://nextjs.org/docs/messages/middleware-to-proxy
  Creating an optimized production build ...
✓ Compiled successfully in 15.1s
  Running TypeScript ...
  Finished TypeScript in 28.3s ...
  Collecting page data using 7 workers ...
  Generating static pages using 7 workers (0/11) ...
  Generating static pages using 7 workers (2/11) 
  Generating static pages using 7 workers (5/11) 
  Generating static pages using 7 workers (8/11) 
✓ Generating static pages using 7 workers (11/11) in 1088ms
  Finalizing page optimization ...

Route (app)
┌ ○ /_not-found
├ ƒ /[locale]
├ ƒ /[locale]/[...slug]
├ ƒ /[locale]/admin/analytics
├ ƒ /[locale]/admin/organizations
├ ƒ /[locale]/admin/subscriptions
├ ƒ /[locale]/admin/users
├ ƒ /[locale]/blog
├ ƒ /[locale]/blog/[slug]
├ ƒ /[locale]/components-demo
├ ƒ /[locale]/connexion
├ ƒ /[locale]/equipe
├ ƒ /[locale]/facturation
├ ƒ /[locale]/inscription
├ ƒ /[locale]/mot-de-passe-oublie
├ ƒ /[locale]/onboarding
├ ƒ /[locale]/projets
├ ƒ /[locale]/projets/[id]
├ ƒ /[locale]/reglages
├ ƒ /[locale]/tableau-de-bord
└ ƒ /api/search


ƒ Proxy (Middleware)

○  (Static)   prerendered as static content
ƒ  (Dynamic)  server-rendered on demand


> saas-zero@1.0.0 pagefind C:\Users\PC\saas-zero
> pagefind --site .next/server/app


Running Pagefind v1.5.2 (Extended)
Running from: "C:\\Users\\PC\\saas-zero"
Source:       ".next/server/app"
Output:       ".next/server/app\\pagefind"

[Walking source directory]
Found 2 files matching **/*.{html}

[Parsing files]
Did not find a data-pagefind-body element on the site.
↳ Indexing all <body> elements on the site.

[Reading languages]
Discovered 1 language: unknown

[Building search indexes]
Total: 
  Indexed 1 language
  Indexed 2 pages
  Indexed 18 words
  Indexed 0 filters
  Indexed 0 sorts

Finished in 0.072 seconds
